=== GET http://localhost:3000 ===
HTTP/1.1 200 OK
Server: nginx/1.27.5
Date: Tue, 29 Sep 2026 16:27:01 GMT
Content-Type: text/html
Content-Length: 503
Last-Modified: Tue, 29 Sep 2026 16:11:39 GMT
Connection: keep-alive
ETag: "6abbe33b-1f7"
Accept-Ranges: bytes

<!doctype html>
<html lang="id">
  <head>
    <meta charset="UTF-8" />
    <meta name="viewport" content="width=device-width, initial-scale=1.0" />
    <meta name="theme-color" content="#0b1f3a" />
    <title>Gocean B2B — segera</title>
    <script type="module" crossorigin src="/assets/index-BlGc2M3_.js"></script>
  <link rel="manifest" href="/manifest.webmanifest"><script id="vite-plugin-pwa:register-sw" src="/registerSW.js"></script></head>
  <body>
    <div id="root"></div>
  </body>
</html>

=== GET http://localhost:3000/manifest.webmanifest ===
HTTP/1.1 200 OK
Server: nginx/1.27.5
Date: Tue, 29 Sep 2026 16:27:01 GMT
Content-Type: application/octet-stream
Content-Length: 346
Last-Modified: Tue, 29 Sep 2026 16:11:39 GMT
Connection: keep-alive
ETag: "6abbe33b-15a"
Content-Type: application/manifest+json
Accept-Ranges: bytes

{"name":"Gocean B2B","short_name":"Gocean B2B","start_url":"/","display":"standalone","background_color":"#0b1f3a","lang":"en","scope":"/","description":"Gocean B2B — segera","theme_color":"#0b1f3a","icons":[{"src":"/icons/icon-192.png","sizes":"192x192","type":"image/png"},{"src":"/icons/icon-512.png","sizes":"512x512","type":"image/png"}]}
